x <- cbind(cumamge1,cumamge2,data$AGE,data$SITE,
]0;~/GoogleDrive/Bladder/code[?1034hNCI-02034757-ML:code zhangh24$ x <- cbind(cumamge1,cumamge2,data$AGE,data$SITE,
bash: syntax error near unexpected token `('
]0;~/GoogleDrive/Bladder/codeNCI-02034757-ML:code zhangh24$ [KNCI-02034757-ML:code zhangh24$ [KNCI-02034757-ML:code zhangh24$ git status
On branch master
Your branch is up-to-date with 'origin/master'.

Changes not staged for commit:
  (use "git add <file>..." to update what will be committed)
  (use "git checkout -- <file>..." to discard changes in working directory)

	[31mmodified:   .Rproj.user/C489B8A4/console06/EDC22435[m
	[31mmodified:   .Rproj.user/C489B8A4/console06/INDEX001[m
	[31mmodified:   .Rproj.user/C489B8A4/sources/prop/23BCBFA8[m
	[31mmodified:   .Rproj.user/C489B8A4/sources/s-10AA7017/F499ACA[m
	[31mmodified:   .Rproj.user/C489B8A4/sources/s-10AA7017/F499ACA-contents[m
	[31mmodified:   preliminary.R[m

no changes added to commit (use "git add" and/or "git commit -a")
]0;~/GoogleDrive/Bladder/codeNCI-02034757-ML:code zhangh24$ gti[K[K[Kgit add -A
]0;~/GoogleDrive/Bladder/codeNCI-02034757-ML:code zhangh24$ git vo[K[Kcommit -m "preliminary"
[master 5de7426] preliminary
 6 files changed, 45 insertions(+), 11 deletions(-)
 rewrite code/.Rproj.user/C489B8A4/console06/INDEX001 (71%)
]0;~/GoogleDrive/Bladder/codeNCI-02034757-ML:code zhangh24$ git push
Counting objects: 14, done.
Delta compression using up to 8 threads.
Compressing objects:   7% (1/14)   Compressing objects:  14% (2/14)   Compressing objects:  21% (3/14)   Compressing objects:  28% (4/14)   Compressing objects:  35% (5/14)   Compressing objects:  42% (6/14)   Compressing objects:  50% (7/14)   Compressing objects:  57% (8/14)   Compressing objects:  64% (9/14)   Compressing objects:  71% (10/14)   Compressing objects:  78% (11/14)   Compressing objects:  85% (12/14)   Compressing objects:  92% (13/14)   Compressing objects: 100% (14/14)   Compressing objects: 100% (14/14), done.
Writing objects:   7% (1/14)   Writing objects:  14% (2/14)   Writing objects:  21% (3/14)   Writing objects:  28% (4/14)   Writing objects:  35% (5/14)   Writing objects:  42% (6/14)   Writing objects:  50% (7/14)   Writing objects:  57% (8/14)   Writing objects:  64% (9/14)   Writing objects:  71% (10/14)   Writing objects:  78% (11/14)   Writing objects:  85% (12/14)   Writing objects:  92% (13/14)   Writing objects: 100% (14/14)   Writing objects: 100% (14/14), 1.76 KiB | 48.00 KiB/s, done.
Total 14 (delta 4), reused 0 (delta 0)
remote: Resolving deltas:   0% (0/4)   [Kremote: Resolving deltas:  25% (1/4)   [Kremote: Resolving deltas:  50% (2/4)   [Kremote: Resolving deltas:  75% (3/4)   [Kremote: Resolving deltas: 100% (4/4)   [Kremote: Resolving deltas: 100% (4/4), completed with 4 local objects.[K
To https://github.com/andrewhaoyu/bladder_data_analysis.git
   22909a5..5de7426  master -> master
]0;~/GoogleDrive/Bladder/codeNCI-02034757-ML:code zhangh24$ [KNCI-02034757-ML:code zhangh24$ y[,2:3] <- y[,2:3]+1
]0;~/GoogleDrive/Bladder/code[?1034hNCI-02034757-ML:code zhangh24$ y[,2:3] <- y[,2:3]+1
bash: -: No such file or directory
[KNCI-02034757-ML:code zhangh24$ y[,2:3] <- y[,2:3]+1[12Pgit pushlibrary(devtools)
bash: syntax error near unexpected token `('
]0;~/GoogleDrive/Bladder/codeNCI-02034757-ML:code zhangh24$ [KNCI-02034757-ML:code zhangh24$ git status
On branch master
Your branch is up-to-date with 'origin/master'.

Changes not staged for commit:
  (use "git add/rm <file>..." to update what will be committed)
  (use "git checkout -- <file>..." to discard changes in working directory)

	[31mmodified:   ../.DS_Store[m
	[31mmodified:   ../.gitignore[m
	[31mmodified:   .Rproj.user/C489B8A4/console06/EDC22435[m
	[31mmodified:   .Rproj.user/C489B8A4/console06/EDC22435.env[m
	[31mmodified:   .Rproj.user/C489B8A4/console06/INDEX001[m
	[31mmodified:   .Rproj.user/C489B8A4/sources/prop/23BCBFA8[m
	[31mmodified:   .Rproj.user/C489B8A4/sources/prop/INDEX[m
	[31mdeleted:    .Rproj.user/C489B8A4/sources/s-10AA7017/F499ACA[m
	[31mdeleted:    .Rproj.user/C489B8A4/sources/s-10AA7017/F499ACA-contents[m
	[31mdeleted:    .Rproj.user/C489B8A4/sources/s-10AA7017/lock_file[m
	[31mmodified:   .Rproj.user/shared/notebooks/paths[m

Untracked files:
  (use "git add <file>..." to include in what will be committed)

	[31mR_code_twostage.R[m
	[31mnew_code_self_design.R[m
	[31m../manuscript/[m

no changes added to commit (use "git add" and/or "git commit -a")
]0;~/GoogleDrive/Bladder/codeNCI-02034757-ML:code zhangh24$ git [K[K[K[Kvi .git[K[K[K[K[K[K[Kls
R_code_twostage.R	new_code_self_design.R
code.Rproj		preliminary.R
]0;~/GoogleDrive/Bladder/codeNCI-02034757-ML:code zhangh24$ cd ..
]0;~/GoogleDrive/BladderNCI-02034757-ML:Bladder zhangh24$ ls
README.md	code		data		manuscript
]0;~/GoogleDrive/BladderNCI-02034757-ML:Bladder zhangh24$ vi .gitignore
]0;~/GoogleDrive/BladderNCI-02034757-ML:Bladder zhangh24$ git status
On branch master
Your branch is up-to-date with 'origin/master'.

Changes not staged for commit:
  (use "git add/rm <file>..." to update what will be committed)
  (use "git checkout -- <file>..." to discard changes in working directory)

	[31mmodified:   .DS_Store[m
	[31mmodified:   .gitignore[m
	[31mmodified:   code/.Rproj.user/C489B8A4/console06/EDC22435[m
	[31mmodified:   code/.Rproj.user/C489B8A4/console06/EDC22435.env[m
	[31mmodified:   code/.Rproj.user/C489B8A4/console06/INDEX001[m
	[31mmodified:   code/.Rproj.user/C489B8A4/sources/prop/23BCBFA8[m
	[31mmodified:   code/.Rproj.user/C489B8A4/sources/prop/INDEX[m
	[31mdeleted:    code/.Rproj.user/C489B8A4/sources/s-10AA7017/F499ACA[m
	[31mdeleted:    code/.Rproj.user/C489B8A4/sources/s-10AA7017/F499ACA-contents[m
	[31mdeleted:    code/.Rproj.user/C489B8A4/sources/s-10AA7017/lock_file[m
	[31mmodified:   code/.Rproj.user/shared/notebooks/paths[m

Untracked files:
  (use "git add <file>..." to include in what will be committed)

	[31mcode/R_code_twostage.R[m
	[31mcode/new_code_self_design.R[m

no changes added to commit (use "git add" and/or "git commit -a")
]0;~/GoogleDrive/BladderNCI-02034757-ML:Bladder zhangh24$ git add -[K[K[K[K[K[K[K[K[Kvi .gitignore
]0;~/GoogleDrive/BladderNCI-02034757-ML:Bladder zhangh24$ vi .gitignore
]0;~/GoogleDrive/BladderNCI-02034757-ML:Bladder zhangh24$ git status
On branch master
Your branch is up-to-date with 'origin/master'.

Changes not staged for commit:
  (use "git add/rm <file>..." to update what will be committed)
  (use "git checkout -- <file>..." to discard changes in working directory)

	[31mmodified:   .DS_Store[m
	[31mmodified:   .gitignore[m
	[31mmodified:   code/.Rproj.user/C489B8A4/console06/EDC22435[m
	[31mmodified:   code/.Rproj.user/C489B8A4/console06/EDC22435.env[m
	[31mmodified:   code/.Rproj.user/C489B8A4/console06/INDEX001[m
	[31mmodified:   code/.Rproj.user/C489B8A4/sources/prop/23BCBFA8[m
	[31mmodified:   code/.Rproj.user/C489B8A4/sources/prop/INDEX[m
	[31mdeleted:    code/.Rproj.user/C489B8A4/sources/s-10AA7017/F499ACA[m
	[31mdeleted:    code/.Rproj.user/C489B8A4/sources/s-10AA7017/F499ACA-contents[m
	[31mdeleted:    code/.Rproj.user/C489B8A4/sources/s-10AA7017/lock_file[m
	[31mmodified:   code/.Rproj.user/shared/notebooks/paths[m

Untracked files:
  (use "git add <file>..." to include in what will be committed)

	[31mcode/R_code_twostage.R[m
	[31mcode/new_code_self_design.R[m

no changes added to commit (use "git add" and/or "git commit -a")
]0;~/GoogleDrive/BladderNCI-02034757-ML:Bladder zhangh24$ [KNCI-02034757-ML:Bladder zhangh24$ git status
On branch master
Your branch is up-to-date with 'origin/master'.

Changes not staged for commit:
  (use "git add/rm <file>..." to update what will be committed)
  (use "git checkout -- <file>..." to discard changes in working directory)

	[31mmodified:   .DS_Store[m
	[31mmodified:   .gitignore[m
	[31mmodified:   code/.Rproj.user/C489B8A4/console06/EDC22435[m
	[31mmodified:   code/.Rproj.user/C489B8A4/console06/EDC22435.env[m
	[31mmodified:   code/.Rproj.user/C489B8A4/console06/INDEX001[m
	[31mmodified:   code/.Rproj.user/C489B8A4/sources/prop/23BCBFA8[m
	[31mmodified:   code/.Rproj.user/C489B8A4/sources/prop/INDEX[m
	[31mdeleted:    code/.Rproj.user/C489B8A4/sources/s-10AA7017/F499ACA[m
	[31mdeleted:    code/.Rproj.user/C489B8A4/sources/s-10AA7017/F499ACA-contents[m
	[31mdeleted:    code/.Rproj.user/C489B8A4/sources/s-10AA7017/lock_file[m
	[31mmodified:   code/.Rproj.user/shared/notebooks/paths[m

Untracked files:
  (use "git add <file>..." to include in what will be committed)

	[31mcode/R_code_twostage.R[m
	[31mcode/new_code_self_design.R[m

no changes added to commit (use "git add" and/or "git commit -a")
]0;~/GoogleDrive/BladderNCI-02034757-ML:Bladder zhangh24$ git status
On branch master
Your branch is up-to-date with 'origin/master'.

Changes not staged for commit:
  (use "git add/rm <file>..." to update what will be committed)
  (use "git checkout -- <file>..." to discard changes in working directory)

	[31mmodified:   .DS_Store[m
	[31mmodified:   .gitignore[m
	[31mmodified:   code/.Rproj.user/C489B8A4/console06/EDC22435[m
	[31mmodified:   code/.Rproj.user/C489B8A4/console06/EDC22435.env[m
	[31mmodified:   code/.Rproj.user/C489B8A4/console06/INDEX001[m
	[31mmodified:   code/.Rproj.user/C489B8A4/sources/prop/23BCBFA8[m
	[31mmodified:   code/.Rproj.user/C489B8A4/sources/prop/INDEX[m
	[31mdeleted:    code/.Rproj.user/C489B8A4/sources/s-10AA7017/F499ACA[m
	[31mdeleted:    code/.Rproj.user/C489B8A4/sources/s-10AA7017/F499ACA-contents[m
	[31mdeleted:    code/.Rproj.user/C489B8A4/sources/s-10AA7017/lock_file[m
	[31mmodified:   code/.Rproj.user/shared/notebooks/paths[m

Untracked files:
  (use "git add <file>..." to include in what will be committed)

	[31mcode/R_code_twostage.R[m
	[31mcode/new_code_self_design.R[m

no changes added to commit (use "git add" and/or "git commit -a")
]0;~/GoogleDrive/BladderNCI-02034757-ML:Bladder zhangh24$ git statusvi .gitignore[3Pgit statusvi .gitignore
]0;~/GoogleDrive/BladderNCI-02034757-ML:Bladder zhangh24$ git status
On branch master
Your branch is up-to-date with 'origin/master'.

Changes not staged for commit:
  (use "git add/rm <file>..." to update what will be committed)
  (use "git checkout -- <file>..." to discard changes in working directory)

	[31mmodified:   .DS_Store[m
	[31mmodified:   .gitignore[m
	[31mmodified:   code/.Rproj.user/C489B8A4/console06/EDC22435[m
	[31mmodified:   code/.Rproj.user/C489B8A4/console06/EDC22435.env[m
	[31mmodified:   code/.Rproj.user/C489B8A4/console06/INDEX001[m
	[31mmodified:   code/.Rproj.user/C489B8A4/sources/prop/23BCBFA8[m
	[31mmodified:   code/.Rproj.user/C489B8A4/sources/prop/INDEX[m
	[31mdeleted:    code/.Rproj.user/C489B8A4/sources/s-10AA7017/F499ACA[m
	[31mdeleted:    code/.Rproj.user/C489B8A4/sources/s-10AA7017/F499ACA-contents[m
	[31mdeleted:    code/.Rproj.user/C489B8A4/sources/s-10AA7017/lock_file[m
	[31mmodified:   code/.Rproj.user/shared/notebooks/paths[m

Untracked files:
  (use "git add <file>..." to include in what will be committed)

	[31mcode/R_code_twostage.R[m
	[31mcode/new_code_self_design.R[m

no changes added to commit (use "git add" and/or "git commit -a")
]0;~/GoogleDrive/BladderNCI-02034757-ML:Bladder zhangh24$ vi .gitignore
]0;~/GoogleDrive/BladderNCI-02034757-ML:Bladder zhangh24$ git status
On branch master
Your branch is up-to-date with 'origin/master'.

Changes not staged for commit:
  (use "git add/rm <file>..." to update what will be committed)
  (use "git checkout -- <file>..." to discard changes in working directory)

	[31mmodified:   .DS_Store[m
	[31mmodified:   .gitignore[m
	[31mmodified:   code/.Rproj.user/C489B8A4/console06/EDC22435[m
	[31mmodified:   code/.Rproj.user/C489B8A4/console06/EDC22435.env[m
	[31mmodified:   code/.Rproj.user/C489B8A4/console06/INDEX001[m
	[31mmodified:   code/.Rproj.user/C489B8A4/sources/prop/23BCBFA8[m
	[31mmodified:   code/.Rproj.user/C489B8A4/sources/prop/INDEX[m
	[31mdeleted:    code/.Rproj.user/C489B8A4/sources/s-10AA7017/F499ACA[m
	[31mdeleted:    code/.Rproj.user/C489B8A4/sources/s-10AA7017/F499ACA-contents[m
	[31mdeleted:    code/.Rproj.user/C489B8A4/sources/s-10AA7017/lock_file[m
	[31mmodified:   code/.Rproj.user/shared/notebooks/paths[m

Untracked files:
  (use "git add <file>..." to include in what will be committed)

	[31mcode/R_code_twostage.R[m
	[31mcode/new_code_self_design.R[m

no changes added to commit (use "git add" and/or "git commit -a")
]0;~/GoogleDrive/BladderNCI-02034757-ML:Bladder zhangh24$ git statusvi .gitignore
]0;~/GoogleDrive/BladderNCI-02034757-ML:Bladder zhangh24$ git status
On branch master
Your branch is up-to-date with 'origin/master'.

Changes not staged for commit:
  (use "git add/rm <file>..." to update what will be committed)
  (use "git checkout -- <file>..." to discard changes in working directory)

	[31mmodified:   .DS_Store[m
	[31mmodified:   .gitignore[m
	[31mmodified:   code/.Rproj.user/C489B8A4/console06/EDC22435[m
	[31mmodified:   code/.Rproj.user/C489B8A4/console06/EDC22435.env[m
	[31mmodified:   code/.Rproj.user/C489B8A4/console06/INDEX001[m
	[31mmodified:   code/.Rproj.user/C489B8A4/sources/prop/23BCBFA8[m
	[31mmodified:   code/.Rproj.user/C489B8A4/sources/prop/INDEX[m
	[31mdeleted:    code/.Rproj.user/C489B8A4/sources/s-10AA7017/F499ACA[m
	[31mdeleted:    code/.Rproj.user/C489B8A4/sources/s-10AA7017/F499ACA-contents[m
	[31mdeleted:    code/.Rproj.user/C489B8A4/sources/s-10AA7017/lock_file[m
	[31mmodified:   code/.Rproj.user/shared/notebooks/paths[m

Untracked files:
  (use "git add <file>..." to include in what will be committed)

	[31mcode/R_code_twostage.R[m
	[31mcode/new_code_self_design.R[m

no changes added to commit (use "git add" and/or "git commit -a")
]0;~/GoogleDrive/BladderNCI-02034757-ML:Bladder zhangh24$ git statusvi .gitignore
]0;~/GoogleDrive/BladderNCI-02034757-ML:Bladder zhangh24$ vi .gitignore[3Pgit status
On branch master
Your branch is up-to-date with 'origin/master'.

Changes not staged for commit:
  (use "git add/rm <file>..." to update what will be committed)
  (use "git checkout -- <file>..." to discard changes in working directory)

	[31mmodified:   .DS_Store[m
	[31mmodified:   .gitignore[m
	[31mmodified:   code/.Rproj.user/C489B8A4/console06/EDC22435[m
	[31mmodified:   code/.Rproj.user/C489B8A4/console06/EDC22435.env[m
	[31mmodified:   code/.Rproj.user/C489B8A4/console06/INDEX001[m
	[31mmodified:   code/.Rproj.user/C489B8A4/sources/prop/23BCBFA8[m
	[31mmodified:   code/.Rproj.user/C489B8A4/sources/prop/INDEX[m
	[31mdeleted:    code/.Rproj.user/C489B8A4/sources/s-10AA7017/F499ACA[m
	[31mdeleted:    code/.Rproj.user/C489B8A4/sources/s-10AA7017/F499ACA-contents[m
	[31mdeleted:    code/.Rproj.user/C489B8A4/sources/s-10AA7017/lock_file[m
	[31mmodified:   code/.Rproj.user/shared/notebooks/paths[m

Untracked files:
  (use "git add <file>..." to include in what will be committed)

	[31mcode/R_code_twostage.R[m
	[31mcode/new_code_self_design.R[m

no changes added to commit (use "git add" and/or "git commit -a")
]0;~/GoogleDrive/BladderNCI-02034757-ML:Bladder zhangh24$ git statusvi .gitignore
]0;~/GoogleDrive/BladderNCI-02034757-ML:Bladder zhangh24$ git statyus[K[K[Kus
On branch master
Your branch is up-to-date with 'origin/master'.

Changes not staged for commit:
  (use "git add/rm <file>..." to update what will be committed)
  (use "git checkout -- <file>..." to discard changes in working directory)

	[31mmodified:   .DS_Store[m
	[31mmodified:   .gitignore[m
	[31mmodified:   code/.Rproj.user/C489B8A4/console06/EDC22435[m
	[31mmodified:   code/.Rproj.user/C489B8A4/console06/EDC22435.env[m
	[31mmodified:   code/.Rproj.user/C489B8A4/console06/INDEX001[m
	[31mmodified:   code/.Rproj.user/C489B8A4/sources/prop/23BCBFA8[m
	[31mmodified:   code/.Rproj.user/C489B8A4/sources/prop/INDEX[m
	[31mdeleted:    code/.Rproj.user/C489B8A4/sources/s-10AA7017/F499ACA[m
	[31mdeleted:    code/.Rproj.user/C489B8A4/sources/s-10AA7017/F499ACA-contents[m
	[31mdeleted:    code/.Rproj.user/C489B8A4/sources/s-10AA7017/lock_file[m
	[31mmodified:   code/.Rproj.user/shared/notebooks/paths[m

Untracked files:
  (use "git add <file>..." to include in what will be committed)

	[31mcode/R_code_twostage.R[m
	[31mcode/new_code_self_design.R[m

no changes added to commit (use "git add" and/or "git commit -a")
]0;~/GoogleDrive/BladderNCI-02034757-ML:Bladder zhangh24$ git add -a
error: unknown switch `a'
usage: git add [<options>] [--] <pathspec>...

    -n, --dry-run         dry run
    -v, --verbose         be verbose

    -i, --interactive     interactive picking
    -p, --patch           select hunks interactively
    -e, --edit            edit current diff and apply
    -f, --force           allow adding otherwise ignored files
    -u, --update          update tracked files
    -N, --intent-to-add   record only the fact that the path will be added later
    -A, --all             add changes from all tracked and untracked files
    --ignore-removal      ignore paths removed in the working tree (same as --no-all)
    --refresh             don't add, only refresh the index
    --ignore-errors       just skip files which cannot be added because of errors
    --ignore-missing      check if - even missing - files are ignored in dry run
    --chmod <(+/-)x>      override the executable bit of the listed files

]0;~/GoogleDrive/BladderNCI-02034757-ML:Bladder zhangh24$ git add -a[Ka[KA